{"0":"/","1":"h","10":"p","11":"k","12":"/","13":"D","14":"o","15":"c","16":"u","17":"m","18":"e","19":"n","2":"o","20":"t","21":"s","22":"/","23":"c","24":"o","25":"d","26":"e","27":"_","28":"c","29":"h","3":"m","30":"u","31":"n","32":"k","33":"i","34":"n","35":"g","36":"/","37":"t","38":"e","39":"s","4":"e","40":"t","5":"/","6":"j","7":"a","8":"c","9":"k","level":"info","message":"Processing directory:","timestamp":"2025-01-28T17:51:43.686Z"}
{"folderChunks":1,"level":"info","message":"Processing complete","timestamp":"2025-01-28T17:51:43.694Z","totalConstructs":15,"totalEdges":219,"totalFiles":2}
{"languages":[".js"],"level":"info","message":"📁 test","timestamp":"2025-01-28T17:51:43.695Z","totalConstructs":15,"totalFiles":0}
{"level":"info","message":"  📄 function: outerFunction","timestamp":"2025-01-28T17:51:43.695Z"}
{"level":"info","message":"  📄 class: anonymous","timestamp":"2025-01-28T17:51:43.696Z"}
{"level":"info","message":"  📄 function: innerFunction","timestamp":"2025-01-28T17:51:43.696Z"}
{"level":"info","message":"  📄 class: Person","timestamp":"2025-01-28T17:51:43.696Z"}
{"level":"info","message":"  📄 method: constructor","timestamp":"2025-01-28T17:51:43.696Z"}
{"level":"info","message":"  📄 method: displayDetails","timestamp":"2025-01-28T17:51:43.696Z"}
{"level":"info","message":"  📄 method: nestedMethod","timestamp":"2025-01-28T17:51:43.696Z"}
{"level":"info","message":"  📄 function: calculateArea","timestamp":"2025-01-28T17:51:43.697Z"}
{"level":"info","message":"  📄 class: anonymous","timestamp":"2025-01-28T17:51:43.697Z"}
{"level":"info","message":"  📄 function: circleArea","timestamp":"2025-01-28T17:51:43.697Z"}
{"level":"info","message":"  📄 function: rectangleArea","timestamp":"2025-01-28T17:51:43.697Z"}
{"level":"info","message":"  📄 class: Calculator","timestamp":"2025-01-28T17:51:43.697Z"}
{"level":"info","message":"  📄 method: constructor","timestamp":"2025-01-28T17:51:43.697Z"}
{"level":"info","message":"  📄 method: add","timestamp":"2025-01-28T17:51:43.697Z"}
{"level":"info","message":"  📄 method: resetResult","timestamp":"2025-01-28T17:51:43.697Z"}
{"construct":{"content":"class Person {\n  constructor(name, age) {\n      this.name = name;\n      this.age = age;\n  }\n\n  // Method to display person details\n  displayDetails() {\n      console.log(`Name: ${this.name}, Age: ${this.age}`);\n  }\n\n  // Nested method\n  nestedMethod() {\n      console.log(`This is a nested method for ${this.name}`);\n  }\n}","dependencies":[],"endPosition":{"column":1,"row":36},"file":"/home/jackpk/Documents/code_chunking/test/file2.js","id":"/home/jackpk/Documents/code_chunking/test/file2.js:Person","metadata":{"isExported":false,"visibility":"public"},"name":"Person","startPosition":{"column":0,"row":21},"type":"class"},"incomingEdges":14,"level":"info","message":"Person class context:","outgoingEdges":14,"relatedCount":14,"timestamp":"2025-01-28T17:51:43.697Z"}
{"level":"info","message":"Code chunking completed successfully","timestamp":"2025-01-28T17:51:43.697Z"}
{"0":"/","1":"h","10":"p","11":"k","12":"/","13":"D","14":"o","15":"c","16":"u","17":"m","18":"e","19":"n","2":"o","20":"t","21":"s","22":"/","23":"c","24":"o","25":"d","26":"e","27":"_","28":"c","29":"h","3":"m","30":"u","31":"n","32":"k","33":"i","34":"n","35":"g","36":"/","37":"t","38":"e","39":"s","4":"e","40":"t","5":"/","6":"j","7":"a","8":"c","9":"k","level":"info","message":"Processing directory:","timestamp":"2025-01-28T17:55:48.801Z"}
{"folderChunks":1,"level":"info","message":"Processing complete","timestamp":"2025-01-28T17:55:48.811Z","totalConstructs":15,"totalEdges":219,"totalFiles":2}
{"languages":[".js"],"level":"info","message":"📁 test","timestamp":"2025-01-28T17:55:48.811Z","totalConstructs":15,"totalFiles":0}
{"level":"info","message":"  📄 function: outerFunction","timestamp":"2025-01-28T17:55:48.812Z"}
{"level":"info","message":"  📄 class: anonymous","timestamp":"2025-01-28T17:55:48.812Z"}
{"level":"info","message":"  📄 function: innerFunction","timestamp":"2025-01-28T17:55:48.812Z"}
{"level":"info","message":"  📄 class: Person","timestamp":"2025-01-28T17:55:48.812Z"}
{"level":"info","message":"  📄 method: constructor","timestamp":"2025-01-28T17:55:48.812Z"}
{"level":"info","message":"  📄 method: displayDetails","timestamp":"2025-01-28T17:55:48.813Z"}
{"level":"info","message":"  📄 method: nestedMethod","timestamp":"2025-01-28T17:55:48.813Z"}
{"level":"info","message":"  📄 function: calculateArea","timestamp":"2025-01-28T17:55:48.813Z"}
{"level":"info","message":"  📄 class: anonymous","timestamp":"2025-01-28T17:55:48.813Z"}
{"level":"info","message":"  📄 function: circleArea","timestamp":"2025-01-28T17:55:48.813Z"}
{"level":"info","message":"  📄 function: rectangleArea","timestamp":"2025-01-28T17:55:48.813Z"}
{"level":"info","message":"  📄 class: Calculator","timestamp":"2025-01-28T17:55:48.813Z"}
{"level":"info","message":"  📄 method: constructor","timestamp":"2025-01-28T17:55:48.813Z"}
{"level":"info","message":"  📄 method: add","timestamp":"2025-01-28T17:55:48.814Z"}
{"level":"info","message":"  📄 method: resetResult","timestamp":"2025-01-28T17:55:48.814Z"}
{"construct":{"content":"class Person {\n  constructor(name, age) {\n      this.name = name;\n      this.age = age;\n  }\n\n  // Method to display person details\n  displayDetails() {\n      console.log(`Name: ${this.name}, Age: ${this.age}`);\n  }\n\n  // Nested method\n  nestedMethod() {\n      console.log(`This is a nested method for ${this.name}`);\n  }\n}","dependencies":[],"endPosition":{"column":1,"row":36},"file":"/home/jackpk/Documents/code_chunking/test/file2.js","id":"/home/jackpk/Documents/code_chunking/test/file2.js:Person","metadata":{"isExported":false,"visibility":"public"},"name":"Person","startPosition":{"column":0,"row":21},"type":"class"},"incomingEdges":14,"level":"info","message":"Person class context:","outgoingEdges":14,"relatedCount":14,"timestamp":"2025-01-28T17:55:48.814Z"}
{"level":"info","message":"Code chunking completed successfully","timestamp":"2025-01-28T17:55:48.814Z"}
{"0":"/","1":"h","10":"p","11":"k","12":"/","13":"D","14":"o","15":"c","16":"u","17":"m","18":"e","19":"n","2":"o","20":"t","21":"s","22":"/","23":"c","24":"o","25":"d","26":"e","27":"_","28":"c","29":"h","3":"m","30":"u","31":"n","32":"k","33":"i","34":"n","35":"g","36":"/","37":"t","38":"e","39":"s","4":"e","40":"t","5":"/","6":"j","7":"a","8":"c","9":"k","level":"info","message":"Processing directory:","timestamp":"2025-01-28T17:56:01.177Z"}
{"averageChunkSize":15,"folderChunks":1,"level":"info","memoryUsage":"6.600959777832031MB","message":"Processing complete","timestamp":"2025-01-28T17:56:01.187Z","totalConstructs":15,"totalEdges":2,"totalFiles":2}
{"languages":[".js"],"level":"info","message":"📁 test","timestamp":"2025-01-28T17:56:01.188Z","totalConstructs":15,"totalFiles":0}
{"level":"info","message":"  📄 function: outerFunction","timestamp":"2025-01-28T17:56:01.188Z"}
{"level":"info","message":"  📄 class: anonymous","timestamp":"2025-01-28T17:56:01.189Z"}
{"level":"info","message":"  📄 function: innerFunction","timestamp":"2025-01-28T17:56:01.189Z"}
{"level":"info","message":"  📄 class: Person","timestamp":"2025-01-28T17:56:01.189Z"}
{"level":"info","message":"  📄 method: constructor","timestamp":"2025-01-28T17:56:01.189Z"}
{"level":"info","message":"  📄 method: displayDetails","timestamp":"2025-01-28T17:56:01.190Z"}
{"level":"info","message":"  📄 method: nestedMethod","timestamp":"2025-01-28T17:56:01.190Z"}
{"level":"info","message":"  📄 function: calculateArea","timestamp":"2025-01-28T17:56:01.190Z"}
{"level":"info","message":"  📄 class: anonymous","timestamp":"2025-01-28T17:56:01.190Z"}
{"level":"info","message":"  📄 function: circleArea","timestamp":"2025-01-28T17:56:01.190Z"}
{"level":"info","message":"  📄 function: rectangleArea","timestamp":"2025-01-28T17:56:01.191Z"}
{"level":"info","message":"  📄 class: Calculator","timestamp":"2025-01-28T17:56:01.191Z"}
{"level":"info","message":"  📄 method: constructor","timestamp":"2025-01-28T17:56:01.191Z"}
{"level":"info","message":"  📄 method: add","timestamp":"2025-01-28T17:56:01.191Z"}
{"level":"info","message":"  📄 method: resetResult","timestamp":"2025-01-28T17:56:01.191Z"}
{"construct":{"content":"class Person {\n  constructor(name, age) {\n      this.name = name;\n      this.age = age;\n  }\n\n  // Method to display person details\n  displayDetails() {\n      console.log(`Name: ${this.name}, Age: ${this.age}`);\n  }\n\n  // Nested method\n  nestedMethod() {\n      console.log(`This is a nested method for ${this.name}`);\n  }\n}","dependencies":[],"endPosition":{"column":1,"row":36},"file":"/home/jackpk/Documents/code_chunking/test/file2.js","id":"/home/jackpk/Documents/code_chunking/test/file2.js:Person","metadata":{"isExported":false,"visibility":"public"},"name":"Person","startPosition":{"column":0,"row":21},"type":"class"},"incomingEdges":0,"level":"info","message":"Person class context:","outgoingEdges":0,"relatedCount":0,"timestamp":"2025-01-28T17:56:01.191Z"}
{"level":"info","message":"Code chunking completed successfully","timestamp":"2025-01-28T17:56:01.192Z"}
{"0":"/","1":"h","10":"p","11":"k","12":"/","13":"D","14":"o","15":"c","16":"u","17":"m","18":"e","19":"n","2":"o","20":"t","21":"s","22":"/","23":"c","24":"o","25":"d","26":"e","27":"_","28":"c","29":"h","3":"m","30":"u","31":"n","32":"k","33":"i","34":"n","35":"g","36":"/","37":"t","38":"e","39":"s","4":"e","40":"t","5":"/","6":"j","7":"a","8":"c","9":"k","level":"info","message":"Processing directory:","timestamp":"2025-01-28T18:16:21.172Z"}
{"averageChunkSize":15,"folderChunks":1,"level":"info","memoryUsage":"6.692253112792969MB","message":"Processing complete","timestamp":"2025-01-28T18:16:21.190Z","totalConstructs":15,"totalEdges":2,"totalFiles":2}
{"languages":[".js"],"level":"info","message":"📁 test","timestamp":"2025-01-28T18:16:21.191Z","totalConstructs":15,"totalFiles":0}
{"level":"info","message":"  📄 function: outerFunction","timestamp":"2025-01-28T18:16:21.192Z"}
{"level":"info","message":"  📄 class: anonymous","timestamp":"2025-01-28T18:16:21.193Z"}
{"level":"info","message":"  📄 function: innerFunction","timestamp":"2025-01-28T18:16:21.193Z"}
{"level":"info","message":"  📄 class: Person","timestamp":"2025-01-28T18:16:21.193Z"}
{"level":"info","message":"  📄 method: constructor","timestamp":"2025-01-28T18:16:21.194Z"}
{"level":"info","message":"  📄 method: displayDetails","timestamp":"2025-01-28T18:16:21.194Z"}
{"level":"info","message":"  📄 method: nestedMethod","timestamp":"2025-01-28T18:16:21.195Z"}
{"level":"info","message":"  📄 function: calculateArea","timestamp":"2025-01-28T18:16:21.196Z"}
{"level":"info","message":"  📄 class: anonymous","timestamp":"2025-01-28T18:16:21.196Z"}
{"level":"info","message":"  📄 function: circleArea","timestamp":"2025-01-28T18:16:21.196Z"}
{"level":"info","message":"  📄 function: rectangleArea","timestamp":"2025-01-28T18:16:21.196Z"}
{"level":"info","message":"  📄 class: Calculator","timestamp":"2025-01-28T18:16:21.196Z"}
{"level":"info","message":"  📄 method: constructor","timestamp":"2025-01-28T18:16:21.196Z"}
{"level":"info","message":"  📄 method: add","timestamp":"2025-01-28T18:16:21.196Z"}
{"level":"info","message":"  📄 method: resetResult","timestamp":"2025-01-28T18:16:21.197Z"}
{"construct":{"content":"class Person {\n  constructor(name, age) {\n      this.name = name;\n      this.age = age;\n  }\n\n  // Method to display person details\n  displayDetails() {\n      console.log(`Name: ${this.name}, Age: ${this.age}`);\n  }\n\n  // Nested method\n  nestedMethod() {\n      console.log(`This is a nested method for ${this.name}`);\n  }\n}","dependencies":[],"endPosition":{"column":1,"row":36},"file":"/home/jackpk/Documents/code_chunking/test/file2.js","id":"/home/jackpk/Documents/code_chunking/test/file2.js:Person","metadata":{"isExported":false,"visibility":"public"},"name":"Person","startPosition":{"column":0,"row":21},"type":"class"},"incomingEdges":0,"level":"info","message":"Person class context:","outgoingEdges":0,"relatedCount":0,"timestamp":"2025-01-28T18:16:21.197Z"}
{"level":"info","message":"Code chunking completed successfully","timestamp":"2025-01-28T18:16:21.198Z"}
